name: assert hello('') == ('\x1fHello\n\0World!', '')
# and mem[0..16]: 1f 48 65 6c 6c 6f 0a 00 57 6f 72 6c 64 21 00 00 00
limit: 2000
memory_size: 0x1000
input_streams:
  0x80: []
  0x84: []
reports:
  - name: Check results
    slice: last
    filter:
      - state
    view: |
      numio[0x80]: {io:0x80:dec}
      numio[0x84]: {io:0x84:dec}
      symio[0x80]: {io:0x80:sym}
      symio[0x84]: {io:0x84:sym}
      {memory:0:16}
    assert: |
      numio[0x80]: [] >>> []
      numio[0x84]: [] >>> [31,72,101,108,108,111,10,0,87,111,114,108,100,33]
      symio[0x80]: "" >>> ""
      symio[0x84]: "" >>> "?Hello\n\0World!"
      mem[0..16]: 	1f 48 65 6c 6c 6f 0a 00 57 6f 72 6c 64 21 00 00 00
