name: assert get_put_char('A') == ('A', '')
limit: 2000
memory_size: 0x1000
input_streams:
  0x80: [65]
  0x84: []
reports:
  - name: Check results
    slice: last
    filter:
      - state
    view: |
      numio[0x80]: {io:0x80:dec}
      numio[0x84]: {io:0x84:dec}
      symio[0x80]: {io:0x80:sym}
      symio[0x84]: {io:0x84:sym}
    assert: |
      numio[0x80]: [] >>> []
      numio[0x84]: [] >>> [65]
      symio[0x80]: "" >>> ""
      symio[0x84]: "" >>> "A"
